[2026-09-16 22:29:01,672] sc-mac-01325/INFO/locust.main: Starting Locust 2.46.5
[2026-09-16 22:29:01,677] sc-mac-01325/INFO/locust.main: Run time limit set to 240 seconds
[2026-09-16 22:29:01,679] sc-mac-01325/INFO/locust.runners: Ramping to 1000 users at a rate of 100.00 per second
[2026-09-16 22:29:10,712] sc-mac-01325/INFO/locust.runners: All users spawned: {"WebsiteUser": 1000} (1000 total users)
[2026-09-16 22:33:01,325] sc-mac-01325/INFO/locust.main: --run-time limit reached, shutting down
[2026-09-16 22:33:01,410] sc-mac-01325/INFO/locust.main: Shutting down (exit code 1)
Type     Name                                                                          # reqs      # fails |    Avg     Min     Max    Med |   req/s  failures/s
--------|----------------------------------------------------------------------------|-------|-------------|-------|-------|-------|-------|--------|-----------
GET      /                                                                              78379  4736(6.04%) |     24       0   75023      5 |  326.96       19.76
--------|----------------------------------------------------------------------------|-------|-------------|-------|-------|-------|-------|--------|-----------
         Aggregated                                                                     78379  4736(6.04%) |     24       0   75023      5 |  326.96       19.76

Response time percentiles (approximated)
Type     Name                                                                                  50%    66%    75%    80%    90%    95%    98%    99%  99.9% 99.99%   100% # reqs
--------|--------------------------------------------------------------------------------|--------|------|------|------|------|------|------|------|------|------|------|------
GET      /                                                                                       5      6      7      8     11     16     27     62    110  75000  75000  78379
--------|--------------------------------------------------------------------------------|--------|------|------|------|------|------|------|------|------|------|------|------
         Aggregated                                                                              5      6      7      8     11     16     27     62    110  75000  75000  78379

Error report
# occurrences      Error                                                                                               
------------------|---------------------------------------------------------------------------------------------------------------------------------------------
1003               GET /: RemoteDisconnected('Remote end closed connection without response')                          
3733               GET /: ConnectionResetError(54, 'Connection reset by peer')                                         
------------------|---------------------------------------------------------------------------------------------------------------------------------------------

