=== среда, 16 сентября 2026 г. 22:43:33 (MSK) после нагрузки ===
NAME           REFERENCE                 TARGETS           MINPODS   MAXPODS   REPLICAS   AGE
scaletestapp   Deployment/scaletestapp   memory: 79%/80%   1         10        9          15m
NAME                            READY   STATUS    RESTARTS      AGE   IP            NODE       NOMINATED NODE   READINESS GATES
scaletestapp-5f49b7bc86-5jn8r   1/1     Running   0             11m   10.244.0.24   minikube   <none>           <none>
scaletestapp-5f49b7bc86-b7x28   1/1     Running   0             13m   10.244.0.21   minikube   <none>           <none>
scaletestapp-5f49b7bc86-clfhp   1/1     Running   0             10m   10.244.0.26   minikube   <none>           <none>
scaletestapp-5f49b7bc86-gxcw2   1/1     Running   0             12m   10.244.0.22   minikube   <none>           <none>
scaletestapp-5f49b7bc86-lrm87   1/1     Running   0             11m   10.244.0.23   minikube   <none>           <none>
scaletestapp-5f49b7bc86-vd5dc   1/1     Running   2 (13m ago)   15m   10.244.0.18   minikube   <none>           <none>
scaletestapp-5f49b7bc86-vdppg   1/1     Running   1 (13m ago)   13m   10.244.0.19   minikube   <none>           <none>
scaletestapp-5f49b7bc86-w8s49   1/1     Running   0             13m   10.244.0.20   minikube   <none>           <none>
scaletestapp-5f49b7bc86-wdx6p   1/1     Running   0             10m   10.244.0.25   minikube   <none>           <none>
NAME                            CPU(cores)   MEMORY(bytes)   
scaletestapp-5f49b7bc86-5jn8r   1m           6Mi             
scaletestapp-5f49b7bc86-b7x28   1m           9Mi             
scaletestapp-5f49b7bc86-clfhp   1m           6Mi             
scaletestapp-5f49b7bc86-gxcw2   1m           8Mi             
scaletestapp-5f49b7bc86-lrm87   1m           7Mi             
scaletestapp-5f49b7bc86-vd5dc   1m           9Mi             
scaletestapp-5f49b7bc86-vdppg   1m           7Mi             
scaletestapp-5f49b7bc86-w8s49   1m           9Mi             
scaletestapp-5f49b7bc86-wdx6p   1m           7Mi             

Name:                                                     scaletestapp
Namespace:                                                default
Labels:                                                   <none>
Annotations:                                              <none>
CreationTimestamp:                                        Wed, 16 Sep 2026 22:28:32 +0300
Reference:                                                Deployment/scaletestapp
Metrics:                                                  ( current / target )
  resource memory on pods  (as a percentage of request):  79% (8188Ki) / 80%
Min replicas:                                             1
Max replicas:                                             10
Behavior:
  Scale Up:
    Stabilization Window: 0 seconds
    Select Policy: Max
    Policies:
      - Type: Percent  Value: 100  Period: 15 seconds
  Scale Down:
    Stabilization Window: 60 seconds
    Select Policy: Max
    Policies:
      - Type: Pods  Value: 2  Period: 30 seconds
Deployment pods:    9 current / 9 desired
Conditions:
  Type            Status  Reason              Message
  ----            ------  ------              -------
  AbleToScale     True    ReadyForNewScale    recommended size matches current size
  ScalingActive   True    ValidMetricFound    the HPA was able to successfully calculate a replica count from memory resource utilization (percentage of request)
  ScalingLimited  False   DesiredWithinRange  the desired count is within the acceptable range
  ScaledToZero    False   NotScaledToZero     the HPA controller did not scale the workload to zero
Events:
  Type     Reason                        Age                From                       Message
  ----     ------                        ----               ----                       -------
  Warning  FailedGetResourceMetric       14m (x2 over 15m)  horizontal-pod-autoscaler  failed to get memory utilization: unable to get metrics for resource memory: no metrics returned from resource metrics API
  Warning  FailedComputeMetricsReplicas  14m (x2 over 15m)  horizontal-pod-autoscaler  invalid metrics (1 invalid out of 1), first error is: failed to get memory resource metric value: failed to get memory utilization: unable to get metrics for resource memory: no metrics returned from resource metrics API
  Normal   SuccessfulRescale             13m                horizontal-pod-autoscaler  New size: 2; reason: memory resource utilization (percentage of request) above target
  Normal   SuccessfulRescale             13m                horizontal-pod-autoscaler  New size: 4; reason: memory resource utilization (percentage of request) above target
  Normal   SuccessfulRescale             12m                horizontal-pod-autoscaler  New size: 5; reason: memory resource utilization (percentage of request) above target
  Normal   SuccessfulRescale             11m                horizontal-pod-autoscaler  New size: 7; reason: memory resource utilization (percentage of request) above target
  Normal   SuccessfulRescale             10m                horizontal-pod-autoscaler  New size: 9; reason: memory resource utilization (percentage of request) above target
